--- Job TASK 1 Solution.gms Start 12/30/24 21:36:17 48.1.0 612569ae WEX-WEI x86 64bit/MS Windows
--- Applying:
    C:\GAMS\48\gmsprmNT.txt
--- GAMS Parameters defined
    Input "C:\Users\Solange\Desktop\GAMS\Task 1\TASK 1 Solution.gms"
    PageSize 0
    ScrDir "C:\Users\Solange\Desktop\GAMS\Task 1\225a\"
    SysDir C:\GAMS\48\
    LogOption 3
    ErrMsg 1
    ErrorLog 99
    IDE 1
    LstTitleLeftAligned 1
Licensee: Academic User                                  G241029+0003Ac-GEN
          olivier.nyirihirwe@mailbox.tu-dresden.de                CLA103081
          C:\Users\Solange\Documents\GAMS\gamslice.txt
          node:40137001                                                    
          Community license for demonstration and instructional purposes only
Processor information: 1 socket(s), 2 core(s), and 4 thread(s) available
GAMS 48.1.0   Copyright (C) 1987-2024 GAMS Development. All rights reserved
--- Starting compilation
--- TASK 1 Solution.gms(3) 2 Mb
--- call GDXXRW.EXE Data1.xlsx output=Data1.gdx par=s rng=Time!a9:ao10 cdim=1 rdim=0 par=a rng=Time!a1:ao2 cdim=1 rdim=0 par=b rng=Time!a5:ao6 cdim=1 rdim=0 par=d rng=Distance!a1:av42 dim=2

GDXXRW           48.1.0 612569ae Oct 14, 2024          WEI x86 64bit/MS Window
Input file : C:\Users\Solange\Desktop\GAMS\Task 1\Data1.xlsx
Output file: C:\Users\Solange\Desktop\GAMS\Task 1\Data1.gdx
Total time = 3156 Ms
--- TASK 1 Solution.gms(24) 3 Mb
--- GDXin=C:\Users\Solange\Desktop\GAMS\Task 1\Data1.gdx
--- GDX File ($gdxIn) C:\Users\Solange\Desktop\GAMS\Task 1\Data1.gdx
--- TASK 1 Solution.gms(100) 3 Mb
--- Starting execution: elapsed 0:00:05.209
--- TASK 1 Solution.gms(85) 4 Mb
--- Generating MIP model TSP
--- TASK 1 Solution.gms(94) 5 Mb
---   3,325 rows  1,763 columns  14,526 non-zeroes
---   1,681 discrete-columns
--- Range statistics (absolute non-zero finite values)
--- RHS       [min, max] : [ 1.000E+00, 9.993E+03] - Zero values observed as well
--- Bound     [min, max] : [ 1.000E+00, 1.000E+00] - Zero values observed as well
--- Matrix    [min, max] : [ 1.000E+00, 1.000E+04]
--- Executing CPLEX (Solvelink=2): elapsed 0:00:05.369

IBM ILOG CPLEX   48.1.0 612569ae Oct 14, 2024          WEI x86 64bit/MS Window

*** This solver runs with a community license. No commercial use.
--- GMO setup time: 0.00s
--- Space for names approximately 0.09 Mb
--- Use option 'names no' to turn use of names off
--- GMO memory 1.58 Mb (peak 1.59 Mb)
--- Dictionary memory 0.00 Mb
--- Cplex 22.1.1.0 link memory 0.07 Mb (peak 0.34 Mb)
--- Starting Cplex

Version identifier: 22.1.1.0 | 2022-11-27 | 9160aff4d
CPXPARAM_Advance                                 0
CPXPARAM_MIP_Display                             4
CPXPARAM_MIP_Pool_Capacity                       0
CPXPARAM_MIP_Tolerances_AbsMIPGap                0
CPXPARAM_MIP_Tolerances_MIPGap                   0
Generic callback                                 0x50
Tried aggregator 1 time.
MIP Presolve eliminated 897 rows and 471 columns.
MIP Presolve modified 1570 coefficients.
Reduced MIP has 2427 rows, 1292 columns, and 9030 nonzeros.
Reduced MIP has 1212 binaries, 0 generals, 0 SOSs, and 0 indicators.
Presolve time = 0.02 sec. (4.93 ticks)
Probing time = 0.02 sec. (2.96 ticks)
Tried aggregator 1 time.
Detecting symmetries...
Reduced MIP has 2427 rows, 1292 columns, and 9030 nonzeros.
Reduced MIP has 1212 binaries, 0 generals, 0 SOSs, and 0 indicators.
Presolve time = 0.11 sec. (5.36 ticks)
Probing time = 0.03 sec. (2.93 ticks)
Clique table members: 2123.
MIP emphasis: balance optimality and feasibility.
MIP search method: dynamic search.
Parallel mode: deterministic, using up to 4 threads.
Parallel mode: deterministic, using up to 1 threads for parallel tasks at root LP.
Parallel mode: deterministic, using up to 3 threads for concurrent optimization:
 * Starting dual Simplex on 1 thread...
 * Starting Barrier on 2 threads...
Tried aggregator 1 time.
No LP presolve or aggregator reductions.
Presolve time = 0.00 sec. (0.94 ticks)
Initializing dual steep norms . . .

Iteration log . . .
Iteration:     1   Dual objective     =           198.000000
Iteration:   104   Dual objective     =           270.569421

Dual simplex solved model.

Root relaxation solution time = 0.05 sec. (5.51 ticks)

        Nodes                                         Cuts/
   Node  Left     Objective  IInf  Best Integer    Best Bound    ItCnt     Gap

      0     0      271.6414    65                    271.6414      150         
      0     0      295.6490    79                   Cuts: 382      342         
      0     0      299.6069    70                   Cuts: 259      531         
      0     0      300.4221    95                   Cuts: 193      657         
      0     0      301.1256   107                   Cuts: 194      779         
      0     0      301.8044   106                   Cuts: 150      849         
Detecting symmetries...
      0     0      301.9207   101                    Cuts: 64      883         
      0     0      301.9273   106                    Cuts: 29      900         
      0     0      301.9281   108                    Cuts: 30      920         
Detecting symmetries...
      0     2      301.9281   105                    302.2376      920         
Elapsed time = 2.53 sec. (799.60 ticks, tree = 0.02 MB)
    205   162      342.7027    19                    302.6842     9651         
                                                     Cuts: 67                  
*   228+  166                          423.0000      302.6842            28.44%
                                                     Cuts: 20                  
Found incumbent of value 423.000000 after 3.06 sec. (1056.73 ticks)
*   360+  263                          403.0000      302.6842            24.89%
                                                     Cuts: 11                  
Found incumbent of value 403.000000 after 3.27 sec. (1155.23 ticks)
    480   369      329.5326    49      403.0000      302.6842    20056   24.89%
                                                     Cuts: 10                  
    802   661      327.4934    48      403.0000      303.5904    33351   24.67%
                                                     Cuts: 35                  
   1147   930      345.4410    67      403.0000      304.3022    43502   24.49%
                                                     Cuts: 33                  

Performing restart 1

Repeating presolve.
Tried aggregator 1 time.
MIP Presolve eliminated 0 rows and 1 columns.
Reduced MIP has 2427 rows, 1291 columns, and 9028 nonzeros.
Reduced MIP has 1211 binaries, 0 generals, 0 SOSs, and 0 indicators.
Presolve time = 0.05 sec. (4.22 ticks)
Tried aggregator 1 time.
Reduced MIP has 2427 rows, 1291 columns, and 9028 nonzeros.
Reduced MIP has 1211 binaries, 0 generals, 0 SOSs, and 0 indicators.
Presolve time = 0.00 sec. (5.44 ticks)
Represolve time = 0.06 sec. (23.97 ticks)
Tried aggregator 1 time.
No LP presolve or aggregator reductions.
Presolve time = 0.00 sec. (1.56 ticks)
Initializing dual steep norms . . .

Iteration log . . .
Iteration:     1   Dual objective     =           197.134303
Iteration:   115   Dual objective     =           277.529785
Iteration:   225   Dual objective     =           298.197000
Iteration:   322   Dual objective     =           301.780717
*  1237+    0                          394.0000      304.3824            22.75%
Found incumbent of value 394.000000 after 6.09 sec. (2420.08 ticks)
   1237     0      302.5700   101      394.0000      Cuts: 79    50429   22.75%
   1237     0      302.8255   103      394.0000      Cuts: 95    50542   22.75%
   1237     0      303.2685    93      394.0000      Cuts: 87    50638   22.75%
   1237     0      303.8490   105      394.0000     Cuts: 116    50752   22.75%
   1237     0      304.6228    98      394.0000     Cuts: 167    50929   22.68%
   1237     0      304.8125   104      394.0000     Cuts: 179    51056   22.64%
   1237     0      304.8659    96      394.0000      Cuts: 67    51094   22.62%
   1237     0      305.2222   101      394.0000      Cuts: 77    51179   22.53%
   1237     0      305.5000    88      394.0000      Cuts: 62    51270   22.46%
   1237     0      305.5000    79      394.0000     Cuts: 153    51446   22.46%
   1237     0      305.5593    99      394.0000     Cuts: 138    51757   22.45%
   1237     0      305.8902    99      394.0000     Cuts: 148    52007   22.36%
   1237     0      306.3716    96      394.0000     Cuts: 112    52128   22.24%
   1237     0      306.6000    87      394.0000      Cuts: 89    52273   22.18%
   1237     0      306.7273   102      394.0000      Cuts: 75    52331   22.15%
   1237     0      306.7333    99      394.0000      Cuts: 85    52370   22.15%
   1237     0      306.7482   107      394.0000      Cuts: 55    52397   22.15%
   1237     0      306.9423   105      394.0000      Cuts: 12    52441   22.10%
   1237     0      306.9595   104      394.0000     Cuts: 154    52510   22.09%
   1237     2      306.9595    99      394.0000      306.9595    52510   22.09%
   1240     5      307.0054    73      394.0000      307.0500    52964   22.07%
   1246    10      307.4821    96      394.0000      307.1478    53924   22.04%
                                                     Cuts: 60                  
   1264    20      309.4986    83      394.0000      307.1478    54858   22.04%
   1318    53      313.2440    66      394.0000      307.1478    57515   22.04%
   1701   396      350.1606    42      394.0000      307.1478    77225   22.04%
                                                     Cuts: 32                  
Elapsed time = 24.95 sec. (10397.13 ticks, tree = 0.49 MB)
   2305   848      375.0399    55      394.0000      307.7826   101586   21.88%
                                                     Cuts: 29                  
   3059  1581      362.4385    59      394.0000      308.2941   135605   21.75%
                                                     Cuts: 58                  
   3973  2489      360.3184    76      394.0000      308.5150   168057   21.70%
                                                     Cuts: 19                  
   5031  3401      321.3168    93      394.0000      308.8692   209099   21.61%
   5959  4054      341.0625    50      394.0000      309.0597   243308   21.56%
                                                      Cuts: 8                  
   6981  5183      369.8138    39      394.0000      310.0000   282783   21.32%
   7956  6002      329.6232    92      394.0000      310.3313   320930   21.24%
                                                     Cuts: 32                  
   8728  6923      326.2354    62      394.0000      310.5410   359637   21.18%
   9588  7783      350.6977    49      394.0000      310.6250   395947   21.16%
  10542  8572      331.8910    28      394.0000      311.1907   428638   21.02%
Elapsed time = 44.11 sec. (19939.52 ticks, tree = 8.60 MB)
  11590  9745      316.6750   106      394.0000      311.5335   473175   20.93%
  12988 10788      350.1757    49      394.0000      311.7194   507171   20.88%
  13730 11510      323.6275    84      394.0000      311.8911   533455   20.84%
  14937 12406      321.8158    55      394.0000      311.9951   559981   20.81%
  16098 13577      342.1934    45      394.0000      312.1564   598116   20.77%
  17495 14897      328.6138    72      394.0000      312.4184   641113   20.71%
  18418 16011      364.6193    57      394.0000      312.5580   677282   20.67%
* 18898+16198                          389.5000      312.6890            19.72%
Found incumbent of value 389.500000 after 58.31 sec. (26907.77 ticks)
  19830 16885      355.6991    31      389.5000      312.8384   707533   19.68%
  21128 18478    infeasible            389.5000      313.0462   756115   19.63%
* 21618 18791      integral     0      355.5000      313.0557   767007   11.94%
Found incumbent of value 355.500000 after 62.59 sec. (29023.84 ticks)
  22126 14556      322.8471    82      355.5000      313.1776   775348   11.91%
Elapsed time = 63.55 sec. (29481.02 ticks, tree = 14.74 MB)
  23726 16240      337.8611    67      355.5000      313.3109   831079   11.87%
                                                     Cuts: 14                  
  24576 17342      325.0000    72      355.5000      313.5650   866748   11.80%
* 25195+17389                          353.0000      313.6667            11.14%
Found incumbent of value 353.000000 after 68.91 sec. (32026.58 ticks)
  25473 18120      328.7239    50      353.0000      313.6667   893311   11.14%
* 25654+17500                          351.5000      313.6667            10.76%
                                                      Cuts: 8                  
Found incumbent of value 351.500000 after 70.25 sec. (32568.95 ticks)
  26200 17731        cutoff            351.5000      313.6667   918696   10.76%
  26908 18447      337.0798    55      351.5000      313.6667   941563   10.76%
  27585 18963      332.0434    43      351.5000      313.6667   959943   10.76%
                                                      Cuts: 6                  
  28324 19685      344.1318    59      351.5000      313.6667   981829   10.76%
                                                      Cuts: 9                  
  29158 20295      319.3270    72      351.5000      313.6667  1005571   10.76%
                                                   GUBcuts: 1                  
  29944 21136      332.3942    71      351.5000      313.6667  1041067   10.76%
  31031 22006      322.2157    44      351.5000      313.6667  1073458   10.76%
Elapsed time = 83.45 sec. (39028.61 ticks, tree = 21.76 MB)
  32116 22734      335.4149    72      351.5000      313.6667  1099545   10.76%
                                                     Cuts: 12                  
  32858 23744      328.7775    83      351.5000      313.6667  1128202   10.76%
                                                     Cuts: 41                  
  33741 24739      336.1247    72      351.5000      313.6667  1159588   10.76%
                                                      Cuts: 9                  
  34515 25367      334.6699    52      351.5000      313.6667  1184024   10.76%
* 34906+17389                          348.5000      313.6667            10.00%
Found incumbent of value 348.500000 after 92.53 sec. (43351.16 ticks)
  35323 26071      342.3518    62      348.5000      313.6667  1207355   10.00%
  35943 25488      332.3367    59      348.5000      315.3908  1229380    9.50%
                                                     Cuts: 29                  
  36924 26373      347.1591    76      348.5000      315.4651  1257541    9.48%
  37749 27051      324.3224    63      348.5000      315.6250  1282510    9.43%
                                                     Cuts: 25                  
  38866 27999      341.1203    28      348.5000      315.7339  1323262    9.40%
                                                      Cuts: 2                  
  39827 28994      336.2546    58      348.5000      315.7833  1360702    9.39%
                                                      Cuts: 9                  
Elapsed time = 104.03 sec. (48579.77 ticks, tree = 28.27 MB)
  40515 29361      319.6301    75      348.5000      315.8891  1375409    9.36%
                                                     Cuts: 14                  
  41886 30670      330.2462    52      348.5000      315.9780  1420864    9.33%
  43256 31685      320.9286    73      348.5000      316.0454  1450572    9.31%
  44477 33136      324.6374    60      348.5000      316.1625  1503743    9.28%
  46061 34590      341.0594    56      348.5000      316.2962  1545435    9.24%
  47556 35556      325.7110    43      348.5000      316.3750  1584470    9.22%
* 48026+35732                          346.5000      316.4167             8.68%
Found incumbent of value 346.500000 after 117.83 sec. (55226.42 ticks)
  48027 36127      334.6614    72      346.5000      316.4167  1601548    8.68%

Performing restart 2

Repeating presolve.
Tried aggregator 1 time.
Reduced MIP has 2427 rows, 1291 columns, and 18528 nonzeros.
Reduced MIP has 1211 binaries, 0 generals, 0 SOSs, and 0 indicators.
Presolve time = 0.02 sec. (7.18 ticks)
Tried aggregator 1 time.
Reduced MIP has 2427 rows, 1291 columns, and 18528 nonzeros.
Reduced MIP has 1211 binaries, 0 generals, 0 SOSs, and 0 indicators.
Presolve time = 0.02 sec. (9.30 ticks)
Represolve time = 0.17 sec. (65.50 ticks)
Tried aggregator 1 time.
No LP presolve or aggregator reductions.
Presolve time = 0.02 sec. (1.92 ticks)
Initializing dual steep norms . . .

Iteration log . . .
Iteration:     1   Dual objective     =           196.500000
Iteration:   114   Dual objective     =           268.219639
Iteration:   214   Dual objective     =           292.350369
Iteration:   311   Dual objective     =           299.887832
Iteration:   405   Dual objective     =           303.388855
Iteration:   512   Dual objective     =           305.148437
Iteration:   622   Dual objective     =           305.595238
Iteration:   736   Dual objective     =           306.500000
Iteration:   854   Dual objective     =           306.879630
  48028     0      307.1025    94      346.5000      Cuts: 85  1619633    8.67%
  48028     0      307.1901    85      346.5000      Cuts: 48  1619682    8.67%
  48028     0      307.4292   109      346.5000      Cuts: 94  1619787    8.67%
  48028     0      307.5780   108      346.5000      Cuts: 74  1619935    8.67%
  48028     0      308.1795   101      346.5000     Cuts: 101  1620032    8.67%
  48028     0      308.5103   111      346.5000     Cuts: 183  1620133    8.67%
  48028     0      308.5518   120      346.5000     Cuts: 220  1620235    8.67%
  48028     0      309.0641   120      346.5000      Cuts: 93  1620309    8.67%
  48028     0      310.4571   116      346.5000      Cuts: 87  1620392    8.67%
  48028     0      310.8366   123      346.5000      Cuts: 95  1620466    8.67%
  48028     2      310.8366   122      346.5000      316.4500  1620466    8.67%
  48056    23      312.3573    77      346.5000      316.4500  1624141    8.67%
                                                     Cuts: 24                  
  48098    57      323.4644    46      346.5000      316.4500  1628094    8.67%
Elapsed time = 133.75 sec. (63705.27 ticks, tree = 0.26 MB)
  48199   144      322.5306    59      346.5000      316.4500  1635207    8.67%
  48445   259      336.0381    70      346.5000      316.4500  1640460    8.67%
                                                     Cuts: 62                  
  48854   690      324.6436    59      346.5000      316.4500  1652878    8.67%
                                                     Cuts: 43                  
  49296  1000      326.2604    63      346.5000      316.4500  1659240    8.67%
                                                     Cuts: 11                  
  49825  1470      336.0265    64      346.5000      316.4500  1669951    8.67%
                                                      Cuts: 3                  
  50401  1957      329.1822    70      346.5000      316.4500  1684255    8.67%
                                                     Cuts: 29                  
  51203  2650      319.3690    72      346.5000      316.4500  1695996    8.67%
                                                    Covers: 1                  
  52018  3496      329.1872    48      346.5000      316.4500  1709070    8.67%
                                                      Cuts: 8                  
  52781  4077      319.8295    87      346.5000      316.4500  1720461    8.67%
  53752  4831      322.1905    68      346.5000      316.4500  1740866    8.67%
Elapsed time = 152.50 sec. (73257.40 ticks, tree = 47.67 MB)
  54796  6093      334.2692    61      346.5000      316.4500  1761304    8.67%
                                                     Cuts: 21                  
  55563  6684      321.8250    63      346.5000      316.4500  1777560    8.67%
                                                     Cuts: 11                  
  56615  7687      329.2301    79      346.5000      316.4500  1795609    8.67%
  57524  8537      325.1861    41      346.5000      316.4500  1822126    8.67%
  58570  9300      329.3924    73      346.5000      316.4500  1840697    8.67%
                                                     Cuts: 32                  
  59811 10640      325.9037    53      346.5000      316.4500  1861037    8.67%
                                                      Cuts: 6                  
  60590 11337      333.1778    66      346.5000      316.4500  1879560    8.67%
                                                      Cuts: 7                  
  61831 12530      328.1115    72      346.5000      316.4500  1905475    8.67%
  62796 13298      324.4790    70      346.5000      316.4500  1923134    8.67%
                                                     Cuts: 36                  
  63902 14377      330.8578    73      346.5000      316.4500  1944475    8.67%
                                                     Cuts: 13                  
Elapsed time = 172.33 sec. (82801.35 ticks, tree = 68.65 MB)
  65013 15286      323.6489    66      346.5000      316.4500  1962579    8.67%
                                                      Cuts: 8                  
  65940 16300      327.6447    75      346.5000      316.4500  1990540    8.67%
  67030 17277      340.0789    70      346.5000      316.4500  2012214    8.67%
                                                     Cuts: 10                  
  67862 18160      337.2863    72      346.5000      316.4500  2033063    8.67%
                                                     Cuts: 18                  
  68552 18540      332.9800    56      346.5000      316.4500  2041529    8.67%
                                                     Cuts: 25                  
* 68580+18087                          340.5000      316.4500             7.06%
Found incumbent of value 340.500000 after 182.31 sec. (87634.79 ticks)
  69476 19051      323.6461    78      340.5000      316.4500  2064086    7.06%
                                                     Cuts: 14                  
  70403 19820      322.5953    73      340.5000      316.4500  2085216    7.06%
                                                     Cuts: 11                  
  71461 21008      325.2709    75      340.5000      316.5799  2110985    7.02%
  72398 21690      324.6436    48      340.5000      316.6507  2127359    7.00%
                                                     Cuts: 10                  
  73480 22732      323.8366    67      340.5000      316.7484  2154230    6.98%
                                                     Cuts: 44                  
Elapsed time = 192.50 sec. (92347.18 ticks, tree = 147.70 MB)
  74386 23639      326.1399    52      340.5000      316.8256  2171116    6.95%
                                                     Cuts: 17                  
  75357 24442      330.3084    68      340.5000      316.8817  2193353    6.94%
                                                     Cuts: 33                  
* 75580+24668                          339.5000      316.9017             6.66%
Found incumbent of value 339.500000 after 197.20 sec. (94493.76 ticks)
  76282 25406      322.8353    63      339.5000      316.9190  2219485    6.65%
                                                      Cuts: 8                  
  77244 25898      327.6124    68      339.5000      316.9598  2234749    6.64%
  78200 26938      326.9271    48      339.5000      317.0000  2259120    6.63%
                                                     Cuts: 37                  
  79029 27813      331.1000    46      339.5000      317.0487  2279559    6.61%
                                                     Cuts: 17                  
  79790 28384      322.8167    46      339.5000      317.1191  2298450    6.59%
                                                     Cuts: 13                  
  80537 29140      328.3953    65      339.5000      317.1667  2317440    6.58%
                                                     Cuts: 31                  
  81355 29898      327.1986    61      339.5000      317.2242  2338071    6.56%
                                                     Cuts: 27                  
  84613 32819      326.2341    59      339.5000      317.4392  2420271    6.50%
                                                     Cuts: 70                  
Elapsed time = 219.47 sec. (104754.96 ticks, tree = 400.43 MB)
  87710 35463      326.9191    71      339.5000      317.6466  2499144    6.44%
                                                     Cuts: 35                  
  90404 37863      331.0937    70      339.5000      317.8036  2572551    6.39%
                                                     Cuts: 35                  
  93468 40518      331.0525    69      339.5000      317.9413  2645496    6.35%
                                                     Cuts: 16                  
  96214 42937        cutoff            339.5000      318.0800  2726973    6.31%
                                                     Cuts: 31                  
  99276 45454    infeasible            339.5000      318.2558  2808092    6.26%
                                                     Cuts: 16                  
 101878 47844      328.0000    56      339.5000      318.4145  2895946    6.21%
                                                     Cuts: 19                  
 104694 50182      328.1215    70      339.5000      318.5496  2979774    6.17%
                                                     Cuts: 14                  
 107549 52431      333.2628    71      339.5000      318.6667  3056739    6.14%
                                                     Cuts: 25                  
 110135 54755      332.7276    80      339.5000      318.7829  3149347    6.10%
                                                     Cuts: 35                  
 112711 56768      330.3846    78      339.5000      318.8840  3233429    6.07%
Elapsed time = 305.47 sec. (142911.07 ticks, tree = 987.71 MB)
 115274 58866      329.1882    74      339.5000      319.0000  3317867    6.04%
                                                     Cuts: 23                  
 117901 61141      333.0000    68      339.5000      319.1017  3397600    6.01%
 120470 63137      333.1649    45      339.5000      319.2083  3468874    5.98%
                                                     Cuts: 36                  
 122975 65392      336.1937    65      339.5000      319.2921  3553285    5.95%
                                                     Cuts: 20                  
 125499 67569      322.9500    40      339.5000      319.3645  3642317    5.93%
                                                      Cuts: 7                  
 127882 69199      329.2313    73      339.5000      319.4817  3716503    5.90%
                                                     Cuts: 14                  
 130217 71321      326.1791    69      339.5000      319.5682  3813791    5.87%
                                                      Cuts: 7                  
 132671 73331      329.5599    76      339.5000      319.6494  3898408    5.85%
                                                     Cuts: 18                  
 134701 74786      335.7760    56      339.5000      319.7026  3975879    5.83%
                                                     Cuts: 19                  
 137121 76548      336.7085    39      339.5000      319.8106  4061392    5.80%
Elapsed time = 395.05 sec. (181095.27 ticks, tree = 1428.57 MB)
 139557 78594      334.3582    71      339.5000      319.9058  4148932    5.77%
 142212 80628      327.3209    68      339.5000      319.9772  4230663    5.75%
                                                     Cuts: 16                  
 144805 82966      331.4348    56      339.5000      320.0453  4323321    5.73%
                                                      Cuts: 9                  
 147047 84875      328.0112    75      339.5000      320.1085  4414253    5.71%
                                                      Cuts: 4                  
 149063 86208      329.8941    60      339.5000      320.1733  4483446    5.69%
                                                      Cuts: 7                  
 151755 88187      324.1864    72      339.5000      320.2575  4564397    5.67%
                                                      Cuts: 6                  
 154268 90487      334.7846    59      339.5000      320.3500  4672771    5.64%
                                                     Cuts: 11                  
 156399 92121      330.6667    47      339.5000      320.4060  4741677    5.62%
                                                     Cuts: 11                  
 159037 94213      332.7837    71      339.5000      320.4928  4838417    5.60%
                                                      Cuts: 3                  
 161524 96268      330.2090    70      339.5000      320.5583  4924693    5.58%
                                                     Cuts: 27                  
Elapsed time = 498.92 sec. (219257.97 ticks, tree = 1865.57 MB)
 164001 98234      326.0000    64      339.5000      320.6552  5016597    5.55%
 166367 100079      328.5243    70      339.5000      320.7370  5096190    5.53%
                                                     Cuts: 34                  
*168033+101033                          339.0000      320.7726             5.38%
Found incumbent of value 339.000000 after 528.62 sec. (229982.82 ticks)
 168523 101639      330.2374    64      339.0000      320.7872  5179592    5.37%
                                                      Cuts: 6                  
 170621 102977      325.8139    74      339.0000      320.8669  5262929    5.35%
*172158+104216                          335.5000      320.9118             4.35%
Found incumbent of value 335.500000 after 564.62 sec. (237292.55 ticks)
 172690 97269      325.3518    69      335.5000      320.9289  5365992    4.34%
 174931 98585      330.5924    72      335.5000      321.0000  5440951    4.32%
                                                     Cuts: 18                  
 177010 100262      329.0461    80      335.5000      321.0625  5532826    4.30%
                                                     Cuts: 36                  
 178760 101357      331.4703    51      335.5000      321.1290  5613638    4.28%
                                                     Cuts: 20                  
 180620 102473      333.2692    65      335.5000      321.1993  5694739    4.26%
                                                    Covers: 1                  
 182436 103786      330.5220    86      335.5000      321.2812  5774335    4.24%
                                                     Cuts: 35                  
Elapsed time = 698.08 sec. (257431.24 ticks, tree = 2081.26 MB)
Nodefile size = 28.48 MB (27.92 MB after compression)
 183942 104961      333.7679    55      335.5000      321.3462  5852220    4.22%
                                                     Cuts: 10                  
 185539 106198      332.2083    52      335.5000      321.4062  5926114    4.20%
                                                      Cuts: 7                  
 187373 106971      330.1071    76      335.5000      321.4660  5991348    4.18%
                                                      Cuts: 6                  
 189269 108386      327.3267    53      335.5000      321.5000  6085770    4.17%
                                                    Covers: 1                  
 190703 109396      328.4269    76      335.5000      321.5813  6155570    4.15%
                                                     Cuts: 10                  
 192505 110422      330.6919    70      335.5000      321.6534  6229424    4.13%
                                                     Cuts: 21                  
 194078 111658      327.6676    67      335.5000      321.7146  6310587    4.11%
                                                     Cuts: 22                  
 195689 112700      327.9517    79      335.5000      321.7644  6379129    4.09%
                                                     Cuts: 23                  
 197334 113834      324.2687    56      335.5000      321.8188  6460473    4.08%
 198939 114697      325.1951    80      335.5000      321.8676  6531698    4.06%
                                                     Cuts: 15                  
Elapsed time = 978.58 sec. (295604.44 ticks, tree = 2353.09 MB)
Nodefile size = 299.85 MB (293.83 MB after compression)
 200719 115810      326.2282    68      335.5000      321.9265  6616137    4.05%
                                                  LiftProj: 3                  
 202502 116806      329.2020    71      335.5000      321.9975  6692543    4.02%
                                                      Cuts: 2                  
 204273 118340        cutoff            335.5000      322.0306  6787134    4.01%
 206101 119360      333.5306    57      335.5000      322.0818  6854973    4.00%
 207776 120527      328.9994    72      335.5000      322.1250  6950463    3.99%
 209698 121713      331.0844    67      335.5000      322.1760  7035576    3.97%
 211464 122631      330.7332    65      335.5000      322.2252  7110305    3.96%
                                                   MIRcuts: 1                  
 213085 123541      327.7746    85      335.5000      322.2819  7193976    3.94%
 214922 124722      332.7245    45      335.5000      322.3333  7286104    3.92%
 216934 125643      322.6204    72      335.5000      322.3886  7357526    3.91%
Elapsed time = 1982.64 sec. (333774.80 ticks, tree = 2637.45 MB)
Nodefile size = 581.57 MB (569.97 MB after compression)
 218599 127044      326.8125    64      335.5000      322.4444  7441140    3.89%
                                                     Cuts: 24                  
 220180 128189      334.3650    38      335.5000      322.4951  7521739    3.88%
                                                      Cuts: 8                  
 221717 129106      331.3241    79      335.5000      322.5088  7589629    3.87%
                                                     Cuts: 26                  
 223372 129941      329.7712    68      335.5000      322.5547  7655491    3.86%
                                                     Cuts: 17                  
 224924 130979      325.5000    38      335.5000      322.5946  7728736    3.85%
                                                     Cuts: 21                  
 226457 131729      329.4000    48      335.5000      322.6400  7795761    3.83%
                                                     Cuts: 14                  
 228061 133027      330.6252    77      335.5000      322.6873  7897356    3.82%
 229723 133750      324.5000    85      335.5000      322.7270  7954012    3.81%
                                                      Cuts: 5                  
 231273 134806      331.3111    87      335.5000      322.7697  8035489    3.79%
                                                     Cuts: 50                  
 232856 135757      325.2031    70      335.5000      322.8099  8111542    3.78%
                                                     Cuts: 13                  
Elapsed time = 2781.55 sec. (371958.27 ticks, tree = 2919.93 MB)
Nodefile size = 866.76 MB (849.64 MB after compression)
 234507 136503      330.2461    77      335.5000      322.8484  8175522    3.77%
 235992 137664      330.8000    49      335.5000      322.8957  8260051    3.76%
 237623 138560        cutoff            335.5000      322.9367  8340686    3.74%
                                                     Cuts: 14                  
 239292 139748      327.2143    55      335.5000      322.9928  8424044    3.73%
                                                      Cuts: 5                  
 240850 140594      333.6669    55      335.5000      323.0000  8491115    3.73%
 242459 141552      331.5438    68      335.5000      323.0507  8584434    3.71%
                                                      Cuts: 5                  
 243688 142171      332.4167    65      335.5000      323.0879  8648032    3.70%
                                                     Cuts: 12                  
 245114 142926      332.7273    60      335.5000      323.1226  8701625    3.69%
                                                     Cuts: 43                  
 246407 143804      323.4455    63      335.5000      323.1442  8788965    3.68%
                                                     Cuts: 12                  
 248008 144442      332.7500    58      335.5000      323.1728  8843585    3.67%
Elapsed time = 3175.58 sec. (410136.22 ticks, tree = 3154.44 MB)
Nodefile size = 1100.55 MB (1078.68 MB after compression)
 249615 145364      326.8590    85      335.5000      323.2147  8914189    3.66%
 251303 146444      333.3272    69      335.5000      323.2500  9011233    3.65%
 252482 147027      331.2738    70      335.5000      323.2941  9070954    3.64%
                                                     Cuts: 20                  
 253827 147842        cutoff            335.5000      323.3222  9141796    3.63%
                                                     Cuts: 67                  
 255244 148362        cutoff            335.5000      323.3518  9197594    3.62%
                                                      Cuts: 2                  
*256735 149246      integral     0      335.0000      323.3782  9275205    3.47%
                                                      Cuts: 7                  
Found incumbent of value 335.000000 after 3553.70 sec. (432930.28 ticks)
 256751 146664      326.2917    77      335.0000      323.3915  9283556    3.47%
*257288+146701                          333.5000      323.3915             3.03%
Found incumbent of value 333.500000 after 3607.97 sec. (434551.17 ticks)
 258154 136545        cutoff            333.5000      323.4203  9349876    3.02%
                                                     Cuts: 12                  
 259468 137128        cutoff            333.5000      323.4536  9432896    3.01%
 260840 137474        cutoff            333.5000      323.4930  9491641    3.00%
 262240 137961      325.8472    73      333.5000      323.5342  9581524    2.99%
Elapsed time = 4035.17 sec. (448306.36 ticks, tree = 3066.60 MB)
Nodefile size = 1015.17 MB (995.09 MB after compression)
 263751 138344      329.8988    63      333.5000      323.5781  9655948    2.98%
 265333 138829      325.9722    58      333.5000      323.6250  9738379    2.96%
                                                   MIRcuts: 1                  
 266693 139432      325.2041    71      333.5000      323.6690  9827100    2.95%
                                                      Cuts: 5                  
 268216 140001      326.7500    71      333.5000      323.7386  9927448    2.93%
                                                   MIRcuts: 1                  
 269725 140477        cutoff            333.5000      323.7610 10005752    2.92%
 271340 140813        cutoff            333.5000      323.8125 10070170    2.90%
                                                      Cuts: 2                  
 272806 141497      326.1176    58      333.5000      323.8542 10155889    2.89%
 274222 141959      329.4294    69      333.5000      323.9013 10251256    2.88%
                                                      Cuts: 4                  
 275706 142417      331.8230    74      333.5000      323.9545 10332013    2.86%
                                                      Cuts: 3                  
 277298 143046      332.7222    45      333.5000      324.0000 10425931    2.85%
Elapsed time = 4694.59 sec. (486471.65 ticks, tree = 3217.67 MB)
Nodefile size = 1165.66 MB (1142.59 MB after compression)
 278721 143454      332.8345    77      333.5000      324.0273 10493366    2.84%
 280226 143984      328.1620    85      333.5000      324.0811 10586343    2.82%
 281714 144585      331.0254    74      333.5000      324.1232 10680699    2.81%
                                                      Cuts: 3                  
 283232 144910      331.5597    56      333.5000      324.1667 10745355    2.80%
 284667 145286      326.2027    73      333.5000      324.2000 10818988    2.79%
                                                      Cuts: 2                  
 286336 145745      332.5000    55      333.5000      324.2500 10903768    2.77%
                                                   GUBcuts: 1                  
 287807 146366      327.3599    73      333.5000      324.2827 11007497    2.76%
 289373 146698        cutoff            333.5000      324.3333 11069801    2.75%
                                                      Cuts: 2                  
 290727 147169      331.5590    65      333.5000      324.3759 11158796    2.74%
 292385 147546      327.4059    70      333.5000      324.4167 11244710    2.72%
                                                    Covers: 2                  
Elapsed time = 5291.59 sec. (524646.50 ticks, tree = 3351.02 MB)
Nodefile size = 1295.53 MB (1269.80 MB after compression)
 293904 148183      327.6503    55      333.5000      324.4621 11342614    2.71%
 295431 148551      327.4615    73      333.5000      324.5000 11416224    2.70%
 296780 148834      328.3702    50      333.5000      324.5326 11497768    2.69%
 298429 149351      326.9843    67      333.5000      324.5833 11599008    2.67%
                                                  Impl Bds: 7                  
 300039 149806      331.1154    78      333.5000      324.6212 11690268    2.66%
 301655 150223      330.3689    47      333.5000      324.6581 11756913    2.65%
 303183 150628        cutoff            333.5000      324.6885 11859900    2.64%
 304649 150950      331.5455    84      333.5000      324.7336 11926284    2.63%
 306172 151314      326.7945    73      333.5000      324.7631 12041230    2.62%
 307832 151648        cutoff            333.5000      324.8113 12102874    2.61%
Elapsed time = 6032.88 sec. (562808.06 ticks, tree = 3464.86 MB)
Nodefile size = 1410.22 MB (1382.09 MB after compression)
 309416 152105      329.0506    74      333.5000      324.8490 12210557    2.59%
 310945 152400        cutoff            333.5000      324.8922 12309698    2.58%
 312439 152693      326.3953    68      333.5000      324.9333 12375083    2.57%
 313949 153060      330.5436    76      333.5000      324.9790 12453726    2.56%
                                                      Cuts: 6                  
 315510 153433        cutoff            333.5000      325.0021 12560777    2.55%
                                                      Cuts: 4                  
 317098 153739        cutoff            333.5000      325.0458 12629810    2.53%
 318740 154148        cutoff            333.5000      325.0833 12721367    2.52%
                                                   MIRcuts: 1                  
 320101 154455        cutoff            333.5000      325.1203 12819084    2.51%
 321766 154671      332.3774    52      333.5000      325.1514 12892706    2.50%
                                                      Cuts: 4                  
 323291 155082      330.9920    70      333.5000      325.1891 12983716    2.49%
                                                      Cuts: 2                  
Elapsed time = 6381.59 sec. (600974.19 ticks, tree = 3575.01 MB)
Nodefile size = 1522.72 MB (1492.29 MB after compression)
 324803 155257        cutoff            333.5000      325.2225 13053142    2.48%
                                                   MIRcuts: 1                  
 326340 155678      329.9615    53      333.5000      325.2542 13166017    2.47%
                                                    Covers: 3                  
 327702 155810        cutoff            333.5000      325.2813 13235452    2.46%
                                                  Impl Bds: 1                  
 329259 156011    infeasible            333.5000      325.3244 13303083    2.45%
                                                      Cuts: 2                  
*329813 156041      integral     0      331.0000      325.3352 13343394    1.71%
                                                      Cuts: 2                  
Found incumbent of value 331.000000 after 6518.64 sec. (617766.89 ticks)
 330638 112678        cutoff            331.0000      325.3571 13417052    1.70%
 332251 112322      329.3750    54      331.0000      325.3915 13490481    1.69%
 333686 112069        cutoff            331.0000      325.4203 13560664    1.69%
 335240 111669        cutoff            331.0000      325.4781 13645417    1.67%
 336690 111379      329.6115    74      331.0000      325.5261 13722885    1.65%
 338250 110826      327.3896    72      331.0000      325.5942 13829209    1.63%
Elapsed time = 6842.77 sec. (639146.96 ticks, tree = 2585.43 MB)
Nodefile size = 571.24 MB (559.93 MB after compression)
 339765 110280        cutoff            331.0000      325.6442 13909008    1.62%
 341346 109858        cutoff            331.0000      325.6933 13978634    1.60%
 343043 109150        cutoff            331.0000      325.7539 14095336    1.58%
 344401 108730      326.3105    62      331.0000      325.8316 14175817    1.56%
 346108 108263        cutoff            331.0000      325.8781 14250975    1.55%
 347604 107587        cutoff            331.0000      325.9474 14349876    1.53%
 349383 106983        cutoff            331.0000      326.0000 14432816    1.51%
 351026 106355      328.0625    62      331.0000      326.0490 14510183    1.50%
 352615 105681      328.6155    72      331.0000      326.1060 14602782    1.48%
 354286 104993        cutoff            331.0000      326.1642 14683992    1.46%
Elapsed time = 7154.05 sec. (677321.69 ticks, tree = 2461.30 MB)
Nodefile size = 571.24 MB (559.93 MB after compression)
 355940 104076        cutoff            331.0000      326.2330 14805527    1.44%
 357727 103347      328.5714    52      331.0000      326.2795 14880352    1.43%
 359399 102821      327.5500    29      331.0000      326.3350 14944227    1.41%
 361115 101875        cutoff            331.0000      326.4032 15066218    1.39%
 362769 101408      329.7378    73      331.0000      326.4693 15113644    1.37%
 364607 100558        cutoff            331.0000      326.5068 15212512    1.36%
 366413 99625        cutoff            331.0000      326.5729 15295477    1.34%
 368148 98782      330.4318    59      331.0000      326.6250 15383100    1.32%
 369974 97654        cutoff            331.0000      326.6806 15481400    1.30%
 371604 96541        cutoff            331.0000      326.7559 15598179    1.28%
Elapsed time = 7477.22 sec. (715488.59 ticks, tree = 2271.27 MB)
Nodefile size = 571.24 MB (559.93 MB after compression)
 373550 95723        cutoff            331.0000      326.8101 15662334    1.27%
 375264 95012        cutoff            331.0000      326.8714 15723583    1.25%
 377237 93804    infeasible            331.0000      326.9269 15834530    1.23%
 379087 92357        cutoff            331.0000      326.9934 15930465    1.21%
 380895 91372        cutoff            331.0000      327.0383 16011882    1.20%
 382809 90231      329.8561    57      331.0000      327.0973 16085094    1.18%
 384629 89006        cutoff            331.0000      327.1624 16179056    1.16%
 386682 87642        cutoff            331.0000      327.2280 16271001    1.14%
 388588 86259        cutoff            331.0000      327.2805 16359297    1.12%
 390416 84887        cutoff            331.0000      327.3429 16458468    1.10%
Elapsed time = 7841.14 sec. (753646.44 ticks, tree = 2003.86 MB)
Nodefile size = 571.24 MB (559.93 MB after compression)
 392504 83600        cutoff            331.0000      327.4061 16525278    1.09%
 394582 82604        cutoff            331.0000      327.4691 16600100    1.07%
 396758 80862        cutoff            331.0000      327.5202 16711914    1.05%
 398737 79945        cutoff            331.0000      327.5685 16759316    1.04%
 400845 78366      329.2052    58      331.0000      327.6435 16864624    1.01%
 402866 76377        cutoff            331.0000      327.7085 16953446    0.99%
 404983 74838      329.6900    59      331.0000      327.7777 17047674    0.97%
 407175 73473        cutoff            331.0000      327.8360 17111751    0.96%
 409340 71877        cutoff            331.0000      327.9026 17196643    0.94%
 411676 69728        cutoff            331.0000      327.9766 17288956    0.91%
Elapsed time = 8227.83 sec. (791818.71 ticks, tree = 1648.44 MB)
Nodefile size = 571.24 MB (559.93 MB after compression)
 414348 67729        cutoff            331.0000      328.0330 17388544    0.90%
 417408 65138        cutoff            331.0000      328.1340 17534863    0.87%
 420747 62710        cutoff            331.0000      328.2308 17652497    0.84%
 424046 59984        cutoff            331.0000      328.3167 17788479    0.81%
 427290 56943        cutoff            331.0000      328.4521 17926894    0.77%
 430929 54071        cutoff            331.0000      328.5200 18040937    0.75%
 434789 50634        cutoff            331.0000      328.6631 18169256    0.71%
 438595 47336        cutoff            331.0000      328.7889 18276585    0.67%
 442355 44302        cutoff            331.0000      328.9123 18374544    0.63%
 446596 39866        cutoff            331.0000      329.0357 18497734    0.59%
Elapsed time = 8956.97 sec. (829978.05 ticks, tree = 950.49 MB)
Nodefile size = 571.24 MB (559.93 MB after compression)
 451017 35847        cutoff            331.0000      329.1903 18592759    0.55%
 455603 31586        cutoff            331.0000      329.3686 18682087    0.49%
 460382 27012        cutoff            331.0000      329.5385 18758950    0.44%
 465639 21201        cutoff            331.0000      329.7500 18831518    0.38%
 471888 13709        cutoff            331.0000      329.9969 18905940    0.30%
 478808  4741        cutoff            331.0000      330.2852 18958926    0.22%

GUB cover cuts applied:  262
Clique cuts applied:  49
Cover cuts applied:  73
Implied bound cuts applied:  86
Flow cuts applied:  45
Mixed integer rounding cuts applied:  1342
Zero-half cuts applied:  41
Multi commodity flow cuts applied:  14
Lift and project cuts applied:  65
Gomory fractional cuts applied:  3

Root node processing (before b&c):
  Real time             =    4.09 sec. (798.83 ticks)
Parallel b&c, 4 threads:
  Real time             = 9367.83 sec. (854097.83 ticks)
  Sync time (average)   = 3616.76 sec.
  Wait time (average)   =    0.06 sec.
                          ------------
Total (root+branch&cut) = 9371.92 sec. (854896.67 ticks)

--- MIP status (101): integer optimal solution.
--- Cplex Time: 9373.23sec (det. 854896.67 ticks)

--- Returning a primal only solution to GAMS (marginals all set to NA).
--- Fixing integer variables and solving final LP...

Version identifier: 22.1.1.0 | 2022-11-27 | 9160aff4d
CPXPARAM_Advance                                 2
CPXPARAM_MIP_Display                             4
CPXPARAM_MIP_Pool_Capacity                       0
CPXPARAM_MIP_Tolerances_AbsMIPGap                0
CPXPARAM_MIP_Tolerances_MIPGap                   0
Parallel mode: deterministic, using up to 4 threads for concurrent optimization:
 * Starting dual Simplex on 1 thread...
 * Starting Barrier on 3 threads...
Tried aggregator 1 time.
LP Presolve eliminated 1764 rows and 1723 columns.
Reduced LP has 1560 rows, 40 columns, and 3120 nonzeros.
Presolve time = 0.02 sec. (2.26 ticks)

Iteration log . . .
Iteration:     1   Dual objective     =           331.000000

Dual simplex solved model.


--- Fixed MIP status (1): optimal.
--- Cplex Time: 0.38sec (det. 5.41 ticks)


Proven optimal solution
MIP Solution:          331.000000    (1.89778e+07 iterations, 482741 nodes)
Final Solve:           331.000000    (39 iterations)

Best possible:         331.000000
Absolute gap:            0.000000
Relative gap:            0.000000

--- TASK 1 Solution.gms(94) 5 Mb  9378 secs
--- Reading solution for model TSP
--- Executing after solve: elapsed 2:36:24.447
--- TASK 1 Solution.gms(98) 5 Mb
*** Status: Normal completion
--- Job TASK 1 Solution.gms Stop 12/31/24 00:12:41 elapsed 2:36:24.687
